---
source: crates/forge-tui/tests/blocks.rs
expression: buffer_text(&buf)
---
  ┌────────────────────────────────────────────────────────────────────────────┐
  │ image                                                                      │
  └────────────────────────────────────────────────────────────────────────────┘

  ┌────────────────────────────────────────────────────────────────────────────┐
  │ ▶ video                                                                    │
  └────────────────────────────────────────────────────────────────────────────┘

   math


  A  █████████████████████████████████████████                             3
  B  █████████████████████████████████████████████████████████████████████ 5
  C  ███████████████████████████████████████████████████████               4

                         ⣀⣀⣀⣀⣀⣀⣀⣀⣤⣤⣤⣤⣤⣤⣀⣀⣀⣀⣀⣀⣀⣀                       ■ A   38%
              ⣀⣀⣤⣤⣶⣶⣶⣿⣿⣿⣿⣿⣿⣿⣿⣿⣿⣿⣿⣿⣿⣿⣿⣿⣿⣿⣿⣿⣿⣿⣿⣿⣿⣿⣿⣿⣿⣶⣶⣦⣤⣤⣀⣀            ■ B   62%
         ⣀⣤⡶⣾⣿⣿⣿⣿⣿⣿⣿⣿⣿⣿⣿⣿⣿⣿⡿⠿⠿⠿⠟⠛⠛⠛⠛⠛⠛⠛⠛⠻⠿⠿⠿⢿⣿⣿⣿⣿⣿⣿⣿⣿⣿⣿⣿⣿⣿⣿⣷⣶⣤⣀
       ⣠⣺⢿⢟⣿⡿⣻⣿⢟⢿⣿⡿⣿⣿⠿⠛⠋⠉                      ⠉⠙⠛⠿⣿⣿⢿⣿⡿⡻⣿⣟⢿⣿⡻⡿⣗⣄
      ⠰⡃⡇⣏⢾⢸⢸⡱⡇⣏⣏⢸⢸⣹⡁                              ⢈⣏⡇⡇⣹⣹⢸⢎⡇⡇⡷⣹⢸⢘⠆
       ⠑⢽⣾⣮⣿⣷⣽⣿⣮⣾⣿⣷⣿⣿⣶⣤⣀⣀                      ⣀⣠⣤⣶⣿⣿⣾⣿⣷⣵⣿⣯⣾⣿⣵⣷⡯⠎
         ⠉⠛⠿⢿⣿⣿⣿⣿⣿⣿⣿⣿⣿⣿⣿⣿⣿⣿⣷⣶⣶⣶⣦⣤⣤⣤⣤⣤⣤⣤⣤⣴⣶⣶⣶⣾⣿⣿⣿⣿⣿⣿⣿⣿⣿⣿⣿⣿⣿⣿⡿⠿⠛⠉
              ⠉⠉⠛⠛⠻⠿⠿⣿⣿⣿⣿⣿⣿⣿⣿⣿⣿⣿⣿⣿⣿⣿⣿⣿⣿⣿⣿⣿⣿⣿⣿⣿⣿⣿⣿⣿⣿⠿⠿⠟⠛⠛⠉⠉
                         ⠉⠉⠉⠉⠉⠉⠉⠉⠛⠛⠛⠛⠛⠛⠉⠉⠉⠉⠉⠉⠉⠉

  ┌───────┐      ┌──────┐      ┌──────┐
  │ Start │─────▸│ Work │─────▸│ Done │
  └───────┘      └──────┘      └──────┘

                ┌────────┐                             ┌────────┐
                │ Client │                             │ Server │
                └────────┘                             └────────┘
                     ┆                                      ┆
                     ┆               request                ┆
                     ┆─────────────────────────────────────▶┆
                     ┆              response                ┆
                     ┆◀╌╌╌╌╌╌╌╌╌╌╌╌╌╌╌╌╌╌╌╌╌╌╌╌╌╌╌╌╌╌╌╌╌╌╌╌╌┆

  ┌────────┐          ┌────────┐
  │ ● Idle │──finish─▸│ ◉ Done │
  └────────┘          └────────┘

  ┌────────────────────────────────────────────┐
  │ Table                                      │
  │ row                                        │
  └────────────────────────────────────────────┘

  └─ root
     └─ child

  ● Start  2026-01-01

  Title

  [^note-1]
